exports[`rtl > desktop > render plugin toolbar in rtl #0`] =
{
  "blocks": [
    {
      "data": {},
      "depth": 0,
      "entityRanges": [],
      "inlineStyleRanges": [],
      "key": 0,
      "text": "",
      "type": "unstyled"
    }
  ],
  "entityMap": {}
};

exports[`rtl > desktop > render text toolbar in rtl #0`] =
{
  "blocks": [
    {
      "data": {},
      "depth": 0,
      "entityRanges": [],
      "inlineStyleRanges": [],
      "key": 0,
      "text": "Leverage agile frameworks to provide a robust synopsis for high level overviews. Iterative approaches to corporate strategy foster collaborative thinking to further the overall value proposition. ",
      "type": "unstyled"
    },
    {
      "data": {},
      "depth": 0,
      "entityRanges": [],
      "inlineStyleRanges": [],
      "key": 1,
      "text": "Organically grow the holistic world view of disruptive innovation via workplace diversity and empowerment.",
      "type": "unstyled"
    },
    {
      "data": {},
      "depth": 0,
      "entityRanges": [],
      "inlineStyleRanges": [],
      "key": 2,
      "text": "Bring to the table win-win survival strategies to ensure proactive domination.",
      "type": "unstyled"
    },
    {
      "data": {},
      "depth": 0,
      "entityRanges": [],
      "inlineStyleRanges": [],
      "key": 3,
      "text": "At the end of the day, going forward, a new normal that has evolved from generation X is on the runway heading towards a streamlined cloud solution. ",
      "type": "unstyled"
    },
    {
      "data": {},
      "depth": 0,
      "entityRanges": [],
      "inlineStyleRanges": [],
      "key": 4,
      "text": "User generated content in real-time will have multiple touchpoints for offshoring.",
      "type": "unstyled"
    },
    {
      "data": {},
      "depth": 0,
      "entityRanges": [],
      "inlineStyleRanges": [],
      "key": 5,
      "text": "Capitalize on low hanging fruit to identify a ballpark value added activity to beta test. ",
      "type": "unstyled"
    },
    {
      "data": {},
      "depth": 0,
      "entityRanges": [],
      "inlineStyleRanges": [],
      "key": 6,
      "text": "Override the digital divide with additional clickthroughs from DevOps.",
      "type": "unstyled"
    },
    {
      "data": {},
      "depth": 0,
      "entityRanges": [],
      "inlineStyleRanges": [],
      "key": 7,
      "text": "Nanotechnology immersion along the information highway will close the loop on focusing solely on the bottom line.",
      "type": "unstyled"
    }
  ],
  "entityMap": {}
};

exports[`rtl > desktop > render rtl and ltr text correctly #0`] =
{
  "blocks": [
    {
      "data": {},
      "depth": 0,
      "entityRanges": [],
      "inlineStyleRanges": [],
      "key": 0,
      "text": "לורם איפסום דולור סיט אמט, קונסקטורר אדיפיסינג אלית נולום ארווס סאפיאן - פוסיליס קוויס, אקווזמן צש בליא, מנסוטו צמלח לביקו ננבי, צמוקו בלוקריה שיצמה ברורק. ושבעגט ליבם סולגק. בראיט ולחת צורק מונחף, בגורמי מגמש. תרבנך וסתעד לכנו סתשם השמה - לתכי מורגם בורק? לתיג ישבעס.",
      "type": "unstyled"
    },
    {
      "data": {},
      "depth": 0,
      "entityRanges": [],
      "inlineStyleRanges": [],
      "key": 1,
      "text": "",
      "type": "unstyled"
    },
    {
      "data": {},
      "depth": 0,
      "entityRanges": [],
      "inlineStyleRanges": [],
      "key": 2,
      "text": "Lorem ipsum dolor sit amet, consectetur adipiscing elit, sed do eiusmod tempor incididunt ut labore et dolore magna aliqua. Ut enim ad minim veniam, quis nostrud exercitation ullamco laboris nisi ut aliquip ex ea commodo consequat. Duis aute irure dolor in reprehenderit in voluptate velit esse cillum dolore eu fugiat nulla pariatur. Excepteur sint occaecat cupidatat non proident, sunt in culpa qui officia deserunt mollit anim id est laborum.",
      "type": "unstyled"
    }
  ],
  "entityMap": {}
};

exports[`rtl > desktop > render external modal in rtl #0`] =
{
  "blocks": [
    {
      "data": {},
      "depth": 0,
      "entityRanges": [],
      "inlineStyleRanges": [],
      "key": 0,
      "text": "Leverage agile frameworks to provide a robust synopsis for high level overviews. Iterative approaches to corporate strategy foster collaborative thinking to further the overall value proposition. ",
      "type": "unstyled"
    },
    {
      "data": {},
      "depth": 0,
      "entityRanges": [],
      "inlineStyleRanges": [],
      "key": 1,
      "text": "",
      "type": "unstyled"
    },
    {
      "data": {},
      "depth": 0,
      "entityRanges": [
        {
          "key": 0,
          "length": 1,
          "offset": 0
        }
      ],
      "inlineStyleRanges": [],
      "key": 2,
      "text": " ",
      "type": "atomic"
    },
    {
      "data": {},
      "depth": 0,
      "entityRanges": [],
      "inlineStyleRanges": [],
      "key": 3,
      "text": "",
      "type": "unstyled"
    },
    {
      "data": {},
      "depth": 0,
      "entityRanges": [],
      "inlineStyleRanges": [],
      "key": 4,
      "text": "Organically grow the holistic world view of disruptive innovation via workplace diversity and empowerment.",
      "type": "unstyled"
    },
    {
      "data": {},
      "depth": 0,
      "entityRanges": [],
      "inlineStyleRanges": [],
      "key": 5,
      "text": "Bring to the table win-win survival strategies to ensure proactive domination.",
      "type": "unstyled"
    },
    {
      "data": {},
      "depth": 0,
      "entityRanges": [],
      "inlineStyleRanges": [],
      "key": 6,
      "text": "",
      "type": "unstyled"
    },
    {
      "data": {},
      "depth": 0,
      "entityRanges": [
        {
          "key": 1,
          "length": 1,
          "offset": 0
        }
      ],
      "inlineStyleRanges": [],
      "key": 7,
      "text": " ",
      "type": "atomic"
    },
    {
      "data": {},
      "depth": 0,
      "entityRanges": [],
      "inlineStyleRanges": [],
      "key": 8,
      "text": "",
      "type": "unstyled"
    },
    {
      "data": {},
      "depth": 0,
      "entityRanges": [],
      "inlineStyleRanges": [],
      "key": 9,
      "text": "At the end of the day, going forward, a new normal that has evolved from generation X is on the runway heading towards a streamlined cloud solution.",
      "type": "unstyled"
    }
  ],
  "entityMap": {
    "0": {
      "data": {
        "config": {
          "alignment": "center",
          "showDescription": true,
          "showTitle": true,
          "size": "small"
        },
        "src": {
          "file_name": "8bb438_131a7e1872bc45ec827bb61e56b840fe.jpg",
          "height": 3354,
          "id": "036c6bf6cef5e4409848eb4eb6f80de1",
          "original_file_name": "8bb438_131a7e1872bc45ec827bb61e56b840fe.jpg",
          "width": 2898
        }
      },
      "mutability": "IMMUTABLE",
      "type": "wix-draft-plugin-image"
    },
    "1": {
      "data": {
        "config": {
          "alignment": "center",
          "showDescription": true,
          "showTitle": true,
          "size": "content"
        },
        "src": {
          "file_name": "8bb438_83e03311e53a47ce9ba8bda910fdad88.jpg",
          "height": 3526,
          "id": "b12907da5fbb55a31a760e49fb0bb4e6",
          "original_file_name": "8bb438_83e03311e53a47ce9ba8bda910fdad88.jpg",
          "width": 5177
        }
      },
      "mutability": "IMMUTABLE",
      "type": "wix-draft-plugin-image"
    }
  }
};

exports[`rtl > mobile > render add plugin modal in rtl #0`] =
{
  "blocks": [
    {
      "data": {},
      "depth": 0,
      "entityRanges": [],
      "inlineStyleRanges": [],
      "key": 0,
      "text": "",
      "type": "unstyled"
    }
  ],
  "entityMap": {}
};

exports[`rtl > mobile > render rtl and ltr text correctly #0`] =
{
  "blocks": [
    {
      "data": {},
      "depth": 0,
      "entityRanges": [],
      "inlineStyleRanges": [],
      "key": 0,
      "text": "לורם איפסום דולור סיט אמט, קונסקטורר אדיפיסינג אלית נולום ארווס סאפיאן - פוסיליס קוויס, אקווזמן צש בליא, מנסוטו צמלח לביקו ננבי, צמוקו בלוקריה שיצמה ברורק. ושבעגט ליבם סולגק. בראיט ולחת צורק מונחף, בגורמי מגמש. תרבנך וסתעד לכנו סתשם השמה - לתכי מורגם בורק? לתיג ישבעס.",
      "type": "unstyled"
    },
    {
      "data": {},
      "depth": 0,
      "entityRanges": [],
      "inlineStyleRanges": [],
      "key": 1,
      "text": "",
      "type": "unstyled"
    },
    {
      "data": {},
      "depth": 0,
      "entityRanges": [],
      "inlineStyleRanges": [],
      "key": 2,
      "text": "Lorem ipsum dolor sit amet, consectetur adipiscing elit, sed do eiusmod tempor incididunt ut labore et dolore magna aliqua. Ut enim ad minim veniam, quis nostrud exercitation ullamco laboris nisi ut aliquip ex ea commodo consequat. Duis aute irure dolor in reprehenderit in voluptate velit esse cillum dolore eu fugiat nulla pariatur. Excepteur sint occaecat cupidatat non proident, sunt in culpa qui officia deserunt mollit anim id est laborum.",
      "type": "unstyled"
    }
  ],
  "entityMap": {}
};

exports[`rtl > mobile > render external modal in rtl #0`] =
{
  "blocks": [
    {
      "data": {},
      "depth": 0,
      "entityRanges": [],
      "inlineStyleRanges": [],
      "key": 0,
      "text": "Leverage agile frameworks to provide a robust synopsis for high level overviews. Iterative approaches to corporate strategy foster collaborative thinking to further the overall value proposition. ",
      "type": "unstyled"
    },
    {
      "data": {},
      "depth": 0,
      "entityRanges": [],
      "inlineStyleRanges": [],
      "key": 1,
      "text": "",
      "type": "unstyled"
    },
    {
      "data": {},
      "depth": 0,
      "entityRanges": [
        {
          "key": 0,
          "length": 1,
          "offset": 0
        }
      ],
      "inlineStyleRanges": [],
      "key": 2,
      "text": " ",
      "type": "atomic"
    },
    {
      "data": {},
      "depth": 0,
      "entityRanges": [],
      "inlineStyleRanges": [],
      "key": 3,
      "text": "",
      "type": "unstyled"
    },
    {
      "data": {},
      "depth": 0,
      "entityRanges": [],
      "inlineStyleRanges": [],
      "key": 4,
      "text": "Organically grow the holistic world view of disruptive innovation via workplace diversity and empowerment.",
      "type": "unstyled"
    },
    {
      "data": {},
      "depth": 0,
      "entityRanges": [],
      "inlineStyleRanges": [],
      "key": 5,
      "text": "Bring to the table win-win survival strategies to ensure proactive domination.",
      "type": "unstyled"
    },
    {
      "data": {},
      "depth": 0,
      "entityRanges": [],
      "inlineStyleRanges": [],
      "key": 6,
      "text": "",
      "type": "unstyled"
    },
    {
      "data": {},
      "depth": 0,
      "entityRanges": [
        {
          "key": 1,
          "length": 1,
          "offset": 0
        }
      ],
      "inlineStyleRanges": [],
      "key": 7,
      "text": " ",
      "type": "atomic"
    },
    {
      "data": {},
      "depth": 0,
      "entityRanges": [],
      "inlineStyleRanges": [],
      "key": 8,
      "text": "",
      "type": "unstyled"
    },
    {
      "data": {},
      "depth": 0,
      "entityRanges": [],
      "inlineStyleRanges": [],
      "key": 9,
      "text": "At the end of the day, going forward, a new normal that has evolved from generation X is on the runway heading towards a streamlined cloud solution.",
      "type": "unstyled"
    }
  ],
  "entityMap": {
    "0": {
      "data": {
        "config": {
          "alignment": "center",
          "showDescription": true,
          "showTitle": true,
          "size": "small"
        },
        "src": {
          "file_name": "8bb438_131a7e1872bc45ec827bb61e56b840fe.jpg",
          "height": 3354,
          "id": "036c6bf6cef5e4409848eb4eb6f80de1",
          "original_file_name": "8bb438_131a7e1872bc45ec827bb61e56b840fe.jpg",
          "width": 2898
        }
      },
      "mutability": "IMMUTABLE",
      "type": "wix-draft-plugin-image"
    },
    "1": {
      "data": {
        "config": {
          "alignment": "center",
          "showDescription": true,
          "showTitle": true,
          "size": "content"
        },
        "src": {
          "file_name": "8bb438_83e03311e53a47ce9ba8bda910fdad88.jpg",
          "height": 3526,
          "id": "b12907da5fbb55a31a760e49fb0bb4e6",
          "original_file_name": "8bb438_83e03311e53a47ce9ba8bda910fdad88.jpg",
          "width": 5177
        }
      },
      "mutability": "IMMUTABLE",
      "type": "wix-draft-plugin-image"
    }
  }
};
